mode: set
github.com/axiom-mesh/grid/consensus/poer.go:14.58,17.25 3 1
github.com/axiom-mesh/grid/consensus/poer.go:17.25,18.13 1 1
github.com/axiom-mesh/grid/consensus/poer.go:18.13,20.4 1 1
github.com/axiom-mesh/grid/consensus/poer.go:20.9,22.9 2 1
github.com/axiom-mesh/grid/consensus/poer.go:25.2,25.21 1 1
github.com/axiom-mesh/grid/consensus/poer.go:29.49,31.6 2 1
github.com/axiom-mesh/grid/consensus/poer.go:31.6,33.57 2 1
github.com/axiom-mesh/grid/consensus/poer.go:33.57,35.4 1 1
github.com/axiom-mesh/grid/consensus/poer.go:36.3,36.10 1 1
github.com/axiom-mesh/grid/consensus/signature.go:13.68,16.16 3 1
github.com/axiom-mesh/grid/consensus/signature.go:16.16,18.3 1 0
github.com/axiom-mesh/grid/consensus/signature.go:19.2,27.42 6 1
github.com/axiom-mesh/grid/consensus/signature.go:31.70,33.16 2 1
github.com/axiom-mesh/grid/consensus/signature.go:33.16,35.3 1 1
github.com/axiom-mesh/grid/consensus/signature.go:36.2,37.14 2 1
github.com/axiom-mesh/grid/consensus/signature.go:37.14,39.3 1 1
github.com/axiom-mesh/grid/consensus/signature.go:40.2,43.39 3 1
github.com/axiom-mesh/grid/consensus/signature.go:43.39,45.3 1 1
github.com/axiom-mesh/grid/consensus/signature.go:47.2,51.41 4 1
github.com/axiom-mesh/grid/consensus/zkml.go:20.13,23.16 3 1
github.com/axiom-mesh/grid/consensus/zkml.go:23.16,25.3 1 0
github.com/axiom-mesh/grid/consensus/zkml.go:29.57,34.2 4 1
github.com/axiom-mesh/grid/consensus/zkml.go:38.127,42.45 3 1
github.com/axiom-mesh/grid/consensus/zkml.go:42.45,45.3 2 1
github.com/axiom-mesh/grid/consensus/zkml.go:47.2,47.67 1 1
github.com/axiom-mesh/grid/consensus/zkml.go:47.67,49.3 1 1
github.com/axiom-mesh/grid/consensus/zkml.go:52.2,53.12 2 1
github.com/axiom-mesh/grid/consensus/zkml.go:53.12,56.3 2 1
github.com/axiom-mesh/grid/consensus/zkml.go:59.2,60.52 2 1
github.com/axiom-mesh/grid/consensus/zkml.go:60.52,63.3 2 0
github.com/axiom-mesh/grid/consensus/zkml.go:65.2,69.57 3 1
github.com/axiom-mesh/grid/consensus/zkml.go:69.57,71.17 2 1
github.com/axiom-mesh/grid/consensus/zkml.go:71.17,75.68 4 1
github.com/axiom-mesh/grid/consensus/zkml.go:75.68,78.5 2 0
github.com/axiom-mesh/grid/consensus/zkml.go:79.9,82.4 2 0
github.com/axiom-mesh/grid/consensus/zkml.go:85.2,85.51 1 1
github.com/axiom-mesh/grid/consensus/zkml.go:85.51,87.17 2 1
github.com/axiom-mesh/grid/consensus/zkml.go:87.17,90.4 2 1
github.com/axiom-mesh/grid/consensus/zkml.go:92.3,93.17 2 1
github.com/axiom-mesh/grid/consensus/zkml.go:93.17,97.56 4 1
github.com/axiom-mesh/grid/consensus/zkml.go:97.56,100.5 2 0
github.com/axiom-mesh/grid/consensus/zkml.go:101.9,104.4 2 0
github.com/axiom-mesh/grid/consensus/zkml.go:108.2,109.16 2 1
github.com/axiom-mesh/grid/consensus/zkml.go:109.16,112.3 2 0
github.com/axiom-mesh/grid/consensus/zkml.go:113.2,116.69 3 1
github.com/axiom-mesh/grid/consensus/zkml.go:116.69,119.3 2 0
github.com/axiom-mesh/grid/consensus/zkml.go:122.2,139.73 3 1
github.com/axiom-mesh/grid/consensus/zkml.go:139.73,142.3 2 0
github.com/axiom-mesh/grid/consensus/zkml.go:145.2,151.43 6 1
github.com/axiom-mesh/grid/consensus/zkml.go:151.43,154.3 2 0
github.com/axiom-mesh/grid/consensus/zkml.go:155.2,155.16 1 1
github.com/axiom-mesh/grid/consensus/zkml.go:155.16,159.3 3 1
github.com/axiom-mesh/grid/consensus/zkml.go:161.2,162.13 2 1
github.com/axiom-mesh/grid/consensus/zkp.go:20.61,23.17 2 1
github.com/axiom-mesh/grid/consensus/zkp.go:23.17,25.3 1 1
github.com/axiom-mesh/grid/consensus/zkp.go:27.2,28.58 2 1
github.com/axiom-mesh/grid/consensus/zkp.go:28.58,31.3 2 1
github.com/axiom-mesh/grid/consensus/zkp.go:34.2,37.40 4 1
github.com/axiom-mesh/grid/consensus/zkp.go:37.40,37.59 1 1
github.com/axiom-mesh/grid/consensus/zkp.go:38.2,38.40 1 1
github.com/axiom-mesh/grid/consensus/zkp.go:38.40,38.59 1 1
github.com/axiom-mesh/grid/consensus/zkp.go:39.2,39.40 1 1
github.com/axiom-mesh/grid/consensus/zkp.go:39.40,39.59 1 1
github.com/axiom-mesh/grid/consensus/zkp.go:41.2,45.26 4 1
github.com/axiom-mesh/grid/consensus/zkp.go:45.26,48.3 2 1
github.com/axiom-mesh/grid/consensus/zkp.go:51.2,76.12 19 1
github.com/axiom-mesh/grid/consensus/zkp.go:76.12,78.3 1 1
github.com/axiom-mesh/grid/consensus/zkp.go:80.2,80.14 1 1
